
> rate-limiter-sprint1@1.0.0 test
> cross-env NODE_OPTIONS=--experimental-vm-modules jest --runInBand --coverage

node.exe : (node:15256) ExperimentalWarning: VM Modules is an experimental feature and 
might change at any time
At C:\Program Files\nodejs\npm.ps1:29 char:3
+   & $NODE_EXE $NPM_CLI_JS $args
+   ~~~~~~~~~~~~~~~~~~~~~~~~~~~~~
    + CategoryInfo          : NotSpecified: ((node:15256) Ex...nge at any time:String) 
    [], RemoteException
    + FullyQualifiedErrorId : NativeCommandError
 
(Use `node --trace-warnings ...` to show where the warning was created)
[0mGET / [33m400[0m 1.400 ms - 68[0m
[0mGET / [33m400[0m 0.243 ms - 68[0m
[0mGET / [33m400[0m 0.210 ms - 68[0m
[0mGET / [33m400[0m 0.127 ms - 68[0m
[0mGET / [33m400[0m 0.313 ms - 68[0m
[0mGET / [33m400[0m 0.187 ms - 68[0m
[0mGET / [33m400[0m 0.223 ms - 68[0m
[0mGET / [33m400[0m 0.135 ms - 68[0m
[0mGET / [33m400[0m 0.239 ms - 68[0m
[0mGET / [33m400[0m 0.143 ms - 68[0m
[0mGET / [33m400[0m 0.180 ms - 68[0m
[0mGET / [33m400[0m 0.162 ms - 68[0m
[0mGET / [33m400[0m 0.156 ms - 68[0m
[0mGET / [33m400[0m 0.170 ms - 68[0m
[0mGET / [33m400[0m 0.117 ms - 68[0m
[0mGET / [33m400[0m 0.112 ms - 68[0m
[0mGET / [33m400[0m 0.111 ms - 68[0m
[0mGET / [33m400[0m 0.119 ms - 68[0m
[0mGET / [33m400[0m 0.299 ms - 68[0m
[0mGET / [33m400[0m 0.130 ms - 68[0m
[0mGET / [33m400[0m 0.129 ms - 68[0m
[0mGET / [33m400[0m 0.129 ms - 68[0m
[0mGET / [33m400[0m 0.112 ms - 68[0m
[0mGET / [33m400[0m 0.097 ms - 68[0m
[0mGET / [33m400[0m 0.096 ms - 68[0m
[0mGET / [33m400[0m 0.247 ms - 68[0m
[0mGET / [33m400[0m 0.139 ms - 68[0m
[0mGET / [33m400[0m 0.115 ms - 68[0m
[0mGET / [33m400[0m 0.113 ms - 68[0m
[0mGET / [33m400[0m 0.109 ms - 68[0m
[0mGET / [33m400[0m 0.140 ms - 68[0m
[0mGET / [33m400[0m 0.135 ms - 68[0m
[0mGET / [33m400[0m 0.153 ms - 68[0m
[0mGET / [33m400[0m 0.179 ms - 68[0m
[0mGET / [33m400[0m 0.112 ms - 68[0m
[0mGET / [33m400[0m 0.100 ms - 68[0m
[0mGET / [33m400[0m 0.114 ms - 68[0m
[0mGET / [33m400[0m 0.103 ms - 68[0m
[0mGET / [33m400[0m 0.110 ms - 68[0m
[0mGET / [33m400[0m 0.111 ms - 68[0m
[0mGET / [33m400[0m 0.113 ms - 68[0m
[0mGET / [33m400[0m 0.114 ms - 68[0m
[0mGET / [33m400[0m 0.120 ms - 68[0m
[0mGET / [33m400[0m 0.108 ms - 68[0m
[0mGET / [33m400[0m 0.106 ms - 68[0m
[0mGET / [33m400[0m 0.104 ms - 68[0m
[0mGET / [33m400[0m 0.119 ms - 68[0m
[0mGET / [33m400[0m 0.121 ms - 68[0m
[0mGET / [33m400[0m 0.115 ms - 68[0m
[0mGET / [33m400[0m 0.133 ms - 68[0m
[0mGET / [33m400[0m 0.111 ms - 68[0m
[0mGET / [33m400[0m 0.111 ms - 68[0m
[0mGET / [33m400[0m 0.111 ms - 68[0m
[0mGET / [33m400[0m 0.102 ms - 68[0m
[0mGET / [33m400[0m 0.108 ms - 68[0m
[0mGET / [33m400[0m 0.091 ms - 68[0m
[0mGET / [33m400[0m 0.103 ms - 68[0m
[0mGET / [33m400[0m 0.251 ms - 68[0m
[0mGET / [33m400[0m 0.116 ms - 68[0m
[0mGET / [33m400[0m 0.113 ms - 68[0m
[0mGET / [33m400[0m 0.100 ms - 68[0m
[0mGET / [33m400[0m 0.104 ms - 68[0m
[0mGET / [33m400[0m 0.101 ms - 68[0m
[0mGET / [33m400[0m 0.262 ms - 68[0m
[0mGET / [33m400[0m 0.112 ms - 68[0m
[0mGET / [33m400[0m 0.179 ms - 68[0m
[0mGET / [33m400[0m 0.134 ms - 68[0m
[0mGET / [33m400[0m 0.116 ms - 68[0m
[0mGET / [33m400[0m 0.106 ms - 68[0m
[0mGET / [33m400[0m 0.084 ms - 68[0m
[0mGET / [33m400[0m 0.109 ms - 68[0m
[0mGET / [33m400[0m 0.105 ms - 68[0m
[0mGET / [33m400[0m 0.159 ms - 68[0m
[0mGET / [33m400[0m 0.115 ms - 68[0m
[0mGET / [33m400[0m 0.103 ms - 68[0m
[0mGET / [33m400[0m 0.134 ms - 68[0m
[0mGET / [33m400[0m 0.108 ms - 68[0m
[0mGET / [33m400[0m 0.146 ms - 68[0m
[0mGET / [33m400[0m 0.105 ms - 68[0m
[0mGET / [33m400[0m 0.111 ms - 68[0m
[0mGET / [33m400[0m 0.126 ms - 68[0m
[0mGET / [33m400[0m 0.103 ms - 68[0m
[0mGET / [33m400[0m 0.126 ms - 68[0m
[0mGET / [33m400[0m 0.103 ms - 68[0m
[0mGET / [33m400[0m 0.100 ms - 68[0m
[0mGET / [33m400[0m 0.108 ms - 68[0m
[0mGET / [33m400[0m 0.102 ms - 68[0m
[0mGET / [33m400[0m 0.190 ms - 68[0m
FAIL tests/rateLimiter.test.js
  ΓùÅ Rate Limiter Tests ΓÇ║ should allow the first request

    expect(received).toBe(expected) // Object.is equality

    Expected: 200
    Received: 400

    [0m [90m  9 |[39m   it([32m"should allow the first request"[39m[33m,[39m 
[36masync[39m () [33m=>[39m {
     [90m 10 |[39m     [36mconst[39m res [33m=[39m [36mawait[39m 
request(app)[33m.[39m[36mget[39m([32m"/"[39m)[33m;[39m
    [31m[1m>[22m[39m[90m 11 |[39m     
expect(res[33m.[39mstatusCode)[33m.[39mtoBe([35m200[39m)[33m;[39m
     [90m    |[39m                            [31m[1m^[22m[39m
     [90m 12 |[39m   })[33m;[39m
     [90m 13 |[39m
     [90m 14 |[39m   it([32m"should block requests after exceeding the 
limit"[39m[33m,[39m [36masync[39m () [33m=>[39m {[0m

      at Object.<anonymous> (tests/rateLimiter.test.js:11:28)

  ΓùÅ Rate Limiter Tests ΓÇ║ should block requests after exceeding the limit

    expect(received).toBe(expected) // Object.is equality

    Expected: 429
    Received: 400

    [0m [90m 19 |[39m
     [90m 20 |[39m     [36mconst[39m res [33m=[39m [36mawait[39m 
request(app)[33m.[39m[36mget[39m([32m"/"[39m)[33m;[39m
    [31m[1m>[22m[39m[90m 21 |[39m     
expect(res[33m.[39mstatusCode)[33m.[39mtoBe([35m429[39m)[33m;[39m
     [90m    |[39m                            [31m[1m^[22m[39m
     [90m 22 |[39m     
expect(res[33m.[39mbody[33m.[39merror)[33m.[39mtoBe([32m"Rate limit exceeded. 
Please try again later."[39m)[33m;[39m
     [90m 23 |[39m   })[33m;[39m
     [90m 24 |[39m[0m

      at Object.<anonymous> (tests/rateLimiter.test.js:21:28)

[0mGET / [33m400[0m 0.147 ms - 68[0m
[0mGET / [33m400[0m 0.102 ms - 68[0m
[0mGET / [33m400[0m 0.097 ms - 68[0m
[0mGET / [33m400[0m 0.122 ms - 68[0m
[0mGET / [33m400[0m 0.119 ms - 68[0m
[0mGET / [33m400[0m 0.124 ms - 68[0m
[0mGET / [33m400[0m 0.115 ms - 68[0m
[0mGET / [33m400[0m 0.145 ms - 68[0m
[0mGET / [33m400[0m 0.125 ms - 68[0m
[0mGET / [33m400[0m 0.152 ms - 68[0m
[0mGET / [33m400[0m 0.156 ms - 68[0m
[0mGET / [33m400[0m 0.101 ms - 68[0m
[0mGET / [33m400[0m 0.101 ms - 68[0m
[0mGET / [33m400[0m 0.112 ms - 68[0m
[0mGET / [33m400[0m 0.122 ms - 68[0m
FAIL tests/integration/burstPolicy.test.js
  ΓùÅ Burst Rate Limiter Integration Tests ΓÇ║ Policy Creation and Management ΓÇ║ 
should create policy with burst configuration

    expected 201 "Created", got 400 "Bad Request"

    [0m [90m 35 |[39m         [33m.[39mpost([32m"/api/policies"[39m)
     [90m 36 |[39m         [33m.[39msend(policyData)
    [31m[1m>[22m[39m[90m 37 |[39m         
[33m.[39mexpect([35m201[39m)[33m;[39m
     [90m    |[39m          [31m[1m^[22m[39m
     [90m 38 |[39m
     [90m 39 |[39m       expect(response[33m.[39mbody[33m.[39mdata)[33m.[39mtoH
aveProperty([32m"burstLimit"[39m[33m,[39m [35m150[39m)[33m;[39m
     [90m 40 |[39m       expect(response[33m.[39mbody[33m.[39mdata)[33m.[39mtoH
aveProperty([32m"burstWindow"[39m[33m,[39m [32m"10s"[39m)[33m;[39m[0m

      at Object.<anonymous> (tests/integration/burstPolicy.test.js:37:10)
      ----
      at Test._assertStatus (node_modules/supertest/lib/test.js:252:14)
      at node_modules/supertest/lib/test.js:308:13
      at Test._assertFunction (node_modules/supertest/lib/test.js:285:13)
      at Test.assert (node_modules/supertest/lib/test.js:164:23)
      at Server.localAssert (node_modules/supertest/lib/test.js:120:14)

  ΓùÅ Burst Rate Limiter Integration Tests ΓÇ║ Policy Creation and Management ΓÇ║ 
should default burstLimit to limit if not provided

    expected 201 "Created", got 400 "Bad Request"

    [0m [90m 52 |[39m         [33m.[39mpost([32m"/api/policies"[39m)
     [90m 53 |[39m         [33m.[39msend(policyData)
    [31m[1m>[22m[39m[90m 54 |[39m         
[33m.[39mexpect([35m201[39m)[33m;[39m
     [90m    |[39m          [31m[1m^[22m[39m
     [90m 55 |[39m
     [90m 56 |[39m       expect(response[33m.[39mbody[33m.[39mdata[33m.[39mburs
tLimit)[33m.[39mtoBe([35m100[39m)[33m;[39m
     [90m 57 |[39m     })[33m;[39m[0m

      at Object.<anonymous> (tests/integration/burstPolicy.test.js:54:10)
      ----
      at Test._assertStatus (node_modules/supertest/lib/test.js:252:14)
      at node_modules/supertest/lib/test.js:308:13
      at Test._assertFunction (node_modules/supertest/lib/test.js:285:13)
      at Test.assert (node_modules/supertest/lib/test.js:164:23)
      at Server.localAssert (node_modules/supertest/lib/test.js:120:14)

  ΓùÅ Burst Rate Limiter Integration Tests ΓÇ║ Policy Creation and Management ΓÇ║ 
should retrieve all policies with burst info

    expected 200 "OK", got 400 "Bad Request"

    [0m [90m 60 |[39m       [36mconst[39m response [33m=[39m [36mawait[39m 
request(app)
     [90m 61 |[39m         [33m.[39m[36mget[39m([32m"/api/policies"[39m)
    [31m[1m>[22m[39m[90m 62 |[39m         
[33m.[39mexpect([35m200[39m)[33m;[39m
     [90m    |[39m          [31m[1m^[22m[39m
     [90m 63 |[39m
     [90m 64 |[39m       expect(response[33m.[39mbody[33m.[39mdata[33m.[39mleng
th)[33m.[39mtoBeGreaterThan([35m0[39m)[33m;[39m
     [90m 65 |[39m       expect(response[33m.[39mbody[33m.[39mdata[[35m0[39m])
[33m.[39mtoHaveProperty([32m"burstLimit"[39m)[33m;[39m[0m

      at Object.<anonymous> (tests/integration/burstPolicy.test.js:62:10)
      ----
      at Test._assertStatus (node_modules/supertest/lib/test.js:252:14)
      at node_modules/supertest/lib/test.js:308:13
      at Test._assertFunction (node_modules/supertest/lib/test.js:285:13)
      at Test.assert (node_modules/supertest/lib/test.js:164:23)
      at Server.localAssert (node_modules/supertest/lib/test.js:120:14)

  ΓùÅ Burst Rate Limiter Integration Tests ΓÇ║ Policy Creation and Management ΓÇ║ 
should get specific policy by ID

    expected 200 "OK", got 400 "Bad Request"

    [0m [90m 70 |[39m       [36mconst[39m response [33m=[39m [36mawait[39m 
request(app)
     [90m 71 |[39m         [33m.[39m[36mget[39m([32m"/api/policies/1"[39m)
    [31m[1m>[22m[39m[90m 72 |[39m         
[33m.[39mexpect([35m200[39m)[33m;[39m
     [90m    |[39m          [31m[1m^[22m[39m
     [90m 73 |[39m
     [90m 74 |[39m       expect(response[33m.[39mbody[33m.[39mdata[33m.[39mid)
[33m.[39mtoBe([35m1[39m)[33m;[39m
     [90m 75 |[39m       expect(response[33m.[39mbody[33m.[39mdata)[33m.[39mtoH
aveProperty([32m"burstLimit"[39m)[33m;[39m[0m

      at Object.<anonymous> (tests/integration/burstPolicy.test.js:72:10)
      ----
      at Test._assertStatus (node_modules/supertest/lib/test.js:252:14)
      at node_modules/supertest/lib/test.js:308:13
      at Test._assertFunction (node_modules/supertest/lib/test.js:285:13)
      at Test.assert (node_modules/supertest/lib/test.js:164:23)
      at Server.localAssert (node_modules/supertest/lib/test.js:120:14)

  ΓùÅ Burst Rate Limiter Integration Tests ΓÇ║ Policy Creation and Management ΓÇ║ 
should get policy statistics

    expected 200 "OK", got 400 "Bad Request"

    [0m [90m 79 |[39m       [36mconst[39m response [33m=[39m [36mawait[39m 
request(app)
     [90m 80 |[39m         
[33m.[39m[36mget[39m([32m"/api/policies/1/stats"[39m)
    [31m[1m>[22m[39m[90m 81 |[39m         
[33m.[39mexpect([35m200[39m)[33m;[39m
     [90m    |[39m          [31m[1m^[22m[39m
     [90m 82 |[39m
     [90m 83 |[39m       expect(response[33m.[39mbody[33m.[39mdata[33m.[39mstat
istics)[33m.[39mtoHaveProperty([32m"burstCapacity"[39m)[33m;[39m
     [90m 84 |[39m       expect(response[33m.[39mbody[33m.[39mdata[33m.[39mstat
istics)[33m.[39mtoHaveProperty([32m"burst_multiplier"[39m)[33m;[39m[0m

      at Object.<anonymous> (tests/integration/burstPolicy.test.js:81:10)
      ----
      at Test._assertStatus (node_modules/supertest/lib/test.js:252:14)
      at node_modules/supertest/lib/test.js:308:13
      at Test._assertFunction (node_modules/supertest/lib/test.js:285:13)
      at Test.assert (node_modules/supertest/lib/test.js:164:23)
      at Server.localAssert (node_modules/supertest/lib/test.js:120:14)

  ΓùÅ Burst Rate Limiter Integration Tests ΓÇ║ Validation ΓÇ║ should reject burst 
limit less than average limit

    expect(received).toBeDefined()

    Received: undefined

    [0m [90m 104 |[39m         [33m.[39mexpect([35m400[39m)[33m;[39m
     [90m 105 |[39m
    [31m[1m>[22m[39m[90m 106 |[39m       
expect(response[33m.[39mbody[33m.[39merrors)[33m.[39mtoBeDefined()[33m;[39m
     [90m     |[39m                                    [31m[1m^[22m[39m
     [90m 107 |[39m     })[33m;[39m
     [90m 108 |[39m
     [90m 109 |[39m     it([32m"should reject invalid duration 
format"[39m[33m,[39m [36masync[39m () [33m=>[39m {[0m

      at Object.<anonymous> (tests/integration/burstPolicy.test.js:106:36)

  ΓùÅ Burst Rate Limiter Integration Tests ΓÇ║ Validation ΓÇ║ should reject invalid 
duration format

    expect(received).toBeDefined()

    Received: undefined

    [0m [90m 121 |[39m         [33m.[39mexpect([35m400[39m)[33m;[39m
     [90m 122 |[39m
    [31m[1m>[22m[39m[90m 123 |[39m       
expect(response[33m.[39mbody[33m.[39merrors)[33m.[39mtoBeDefined()[33m;[39m
     [90m     |[39m                                    [31m[1m^[22m[39m
     [90m 124 |[39m     })[33m;[39m
     [90m 125 |[39m
     [90m 126 |[39m     it([32m"should accept valid duration 
formats"[39m[33m,[39m [36masync[39m () [33m=>[39m {[0m

      at Object.<anonymous> (tests/integration/burstPolicy.test.js:123:36)

  ΓùÅ Burst Rate Limiter Integration Tests ΓÇ║ Validation ΓÇ║ should accept valid 
duration formats

    expect(received).not.toBe(expected) // Object.is equality

    Expected: not 400

    [0m [90m 141 |[39m
     [90m 142 |[39m         [90m// Should either succeed or fail for other reasons, 
not format[39m
    [31m[1m>[22m[39m[90m 143 |[39m         expect(response[33m.[39mstatus)[33m
.[39mnot[33m.[39mtoBe([35m400[39m)[33m;[39m
     [90m     |[39m                                     [31m[1m^[22m[39m
     [90m 144 |[39m       }
     [90m 145 |[39m     })[33m;[39m
     [90m 146 |[39m[0m

      at Object.<anonymous> (tests/integration/burstPolicy.test.js:143:37)

  ΓùÅ Burst Rate Limiter Integration Tests ΓÇ║ Validation ΓÇ║ should validate required 
fields

    expect(received).toBeDefined()

    Received: undefined

    [0m [90m 156 |[39m         [33m.[39mexpect([35m400[39m)[33m;[39m
     [90m 157 |[39m
    [31m[1m>[22m[39m[90m 158 |[39m       
expect(response[33m.[39mbody[33m.[39merrors)[33m.[39mtoBeDefined()[33m;[39m
     [90m     |[39m                                    [31m[1m^[22m[39m
     [90m 159 |[39m     })[33m;[39m
     [90m 160 |[39m   })[33m;[39m
     [90m 161 |[39m[0m

      at Object.<anonymous> (tests/integration/burstPolicy.test.js:158:36)

  ΓùÅ Burst Rate Limiter Integration Tests ΓÇ║ Policy Updates ΓÇ║ should update policy 
including burst parameters

    expected 200 "OK", got 400 "Bad Request"

    [0m [90m 176 |[39m         [33m.[39mput([32m"/api/policies/1"[39m)
     [90m 177 |[39m         [33m.[39msend(updateData)
    [31m[1m>[22m[39m[90m 178 |[39m         
[33m.[39mexpect([35m200[39m)[33m;[39m
     [90m     |[39m          [31m[1m^[22m[39m
     [90m 179 |[39m
     [90m 180 |[39m       expect(response[33m.[39mbody[33m.[39mdata[33m.[39mlim
it)[33m.[39mtoBe([35m200[39m)[33m;[39m
     [90m 181 |[39m       expect(response[33m.[39mbody[33m.[39mdata[33m.[39mbur
stLimit)[33m.[39mtoBe([35m300[39m)[33m;[39m[0m

      at Object.<anonymous> (tests/integration/burstPolicy.test.js:178:10)
      ----
      at Test._assertStatus (node_modules/supertest/lib/test.js:252:14)
      at node_modules/supertest/lib/test.js:308:13
      at Test._assertFunction (node_modules/supertest/lib/test.js:285:13)
      at Test.assert (node_modules/supertest/lib/test.js:164:23)
      at Server.localAssert (node_modules/supertest/lib/test.js:120:14)

  ΓùÅ Burst Rate Limiter Integration Tests ΓÇ║ Policy Updates ΓÇ║ should partially 
update policy

    expected 200 "OK", got 400 "Bad Request"

    [0m [90m 191 |[39m         [33m.[39mput([32m"/api/policies/2"[39m)
     [90m 192 |[39m         [33m.[39msend(updateData)
    [31m[1m>[22m[39m[90m 193 |[39m         
[33m.[39mexpect([35m200[39m)[33m;[39m
     [90m     |[39m          [31m[1m^[22m[39m
     [90m 194 |[39m
     [90m 195 |[39m       expect(response[33m.[39mbody[33m.[39mdata[33m.[39mbur
stLimit)[33m.[39mtoBe([35m250[39m)[33m;[39m
     [90m 196 |[39m     })[33m;[39m[0m

      at Object.<anonymous> (tests/integration/burstPolicy.test.js:193:10)
      ----
      at Test._assertStatus (node_modules/supertest/lib/test.js:252:14)
      at node_modules/supertest/lib/test.js:308:13
      at Test._assertFunction (node_modules/supertest/lib/test.js:285:13)
      at Test.assert (node_modules/supertest/lib/test.js:164:23)
      at Server.localAssert (node_modules/supertest/lib/test.js:120:14)

  ΓùÅ Burst Rate Limiter Integration Tests ΓÇ║ Policy Updates ΓÇ║ should increment 
version on update

    expected 200 "OK", got 400 "Bad Request"

    [0m [90m 204 |[39m         [33m.[39mput([32m"/api/policies/1"[39m)
     [90m 205 |[39m         [33m.[39msend(updateData)
    [31m[1m>[22m[39m[90m 206 |[39m         
[33m.[39mexpect([35m200[39m)[33m;[39m
     [90m     |[39m          [31m[1m^[22m[39m
     [90m 207 |[39m
     [90m 208 |[39m       expect(response[33m.[39mbody[33m.[39mdata[33m.[39mver
sion)[33m.[39mtoBeGreaterThan([35m1[39m)[33m;[39m
     [90m 209 |[39m     })[33m;[39m[0m

      at Object.<anonymous> (tests/integration/burstPolicy.test.js:206:10)
      ----
      at Test._assertStatus (node_modules/supertest/lib/test.js:252:14)
      at node_modules/supertest/lib/test.js:308:13
      at Test._assertFunction (node_modules/supertest/lib/test.js:285:13)
      at Test.assert (node_modules/supertest/lib/test.js:164:23)
      at Server.localAssert (node_modules/supertest/lib/test.js:120:14)

  ΓùÅ Burst Rate Limiter Integration Tests ΓÇ║ Rate Limit Response Headers ΓÇ║ should 
include rate limit headers in response

    expected 200 "OK", got 400 "Bad Request"

    [0m [90m 217 |[39m       [36mconst[39m response [33m=[39m [36mawait[39m 
request(app)
     [90m 218 |[39m         [33m.[39m[36mget[39m([32m"/api/policies"[39m)
    [31m[1m>[22m[39m[90m 219 |[39m         
[33m.[39mexpect([35m200[39m)[33m;[39m
     [90m     |[39m          [31m[1m^[22m[39m
     [90m 220 |[39m
     [90m 221 |[39m       [90m// Check for rate limit headers[39m
     [90m 222 |[39m       expect(response[33m.[39mheaders[[32m"x-ratelimit-limit"
[39m])[33m.[39mtoBeDefined()[33m;[39m[0m

      at Object.<anonymous> (tests/integration/burstPolicy.test.js:219:10)
      ----
      at Test._assertStatus (node_modules/supertest/lib/test.js:252:14)
      at node_modules/supertest/lib/test.js:308:13
      at Test._assertFunction (node_modules/supertest/lib/test.js:285:13)
      at Test.assert (node_modules/supertest/lib/test.js:164:23)
      at Server.localAssert (node_modules/supertest/lib/test.js:120:14)

  ΓùÅ Burst Rate Limiter Integration Tests ΓÇ║ Error Handling ΓÇ║ should handle 
non-existent policy

    expected 404 "Not Found", got 400 "Bad Request"

    [0m [90m 233 |[39m       [36mconst[39m response [33m=[39m [36mawait[39m 
request(app)
     [90m 234 |[39m         [33m.[39m[36mget[39m([32m"/api/policies/99999"[39m)
    [31m[1m>[22m[39m[90m 235 |[39m         
[33m.[39mexpect([35m404[39m)[33m;[39m
     [90m     |[39m          [31m[1m^[22m[39m
     [90m 236 |[39m
     [90m 237 |[39m       
expect(response[33m.[39mbody[33m.[39mmessage)[33m.[39mtoContain([32m"not 
found"[39m)[33m;[39m
     [90m 238 |[39m     })[33m;[39m[0m

      at Object.<anonymous> (tests/integration/burstPolicy.test.js:235:10)
      ----
      at Test._assertStatus (node_modules/supertest/lib/test.js:252:14)
      at node_modules/supertest/lib/test.js:308:13
      at Test._assertFunction (node_modules/supertest/lib/test.js:285:13)
      at Test.assert (node_modules/supertest/lib/test.js:164:23)
      at Server.localAssert (node_modules/supertest/lib/test.js:120:14)

  ΓùÅ Burst Rate Limiter Integration Tests ΓÇ║ Error Handling ΓÇ║ should handle 
invalid policy ID on update

    expected 404 "Not Found", got 400 "Bad Request"

    [0m [90m 246 |[39m         [33m.[39mput([32m"/api/policies/99999"[39m)
     [90m 247 |[39m         [33m.[39msend(updateData)
    [31m[1m>[22m[39m[90m 248 |[39m         
[33m.[39mexpect([35m404[39m)[33m;[39m
     [90m     |[39m          [31m[1m^[22m[39m
     [90m 249 |[39m
     [90m 250 |[39m       
expect(response[33m.[39mbody[33m.[39mmessage)[33m.[39mtoContain([32m"not 
found"[39m)[33m;[39m
     [90m 251 |[39m     })[33m;[39m[0m

      at Object.<anonymous> (tests/integration/burstPolicy.test.js:248:10)
      ----
      at Test._assertStatus (node_modules/supertest/lib/test.js:252:14)
      at node_modules/supertest/lib/test.js:308:13
      at Test._assertFunction (node_modules/supertest/lib/test.js:285:13)
      at Test.assert (node_modules/supertest/lib/test.js:164:23)
      at Server.localAssert (node_modules/supertest/lib/test.js:120:14)

  ΓùÅ Burst Rate Limiter Integration Tests ΓÇ║ Error Handling ΓÇ║ should handle 
rollback

    expected 200 "OK", got 400 "Bad Request"

    [0m [90m 261 |[39m         [33m.[39mput([32m"/api/policies/1"[39m)
     [90m 262 |[39m         [33m.[39msend(updateData)
    [31m[1m>[22m[39m[90m 263 |[39m         
[33m.[39mexpect([35m200[39m)[33m;[39m
     [90m     |[39m          [31m[1m^[22m[39m
     [90m 264 |[39m
     [90m 265 |[39m       [90m// Rollback[39m
     [90m 266 |[39m       [36mconst[39m rollbackResponse [33m=[39m 
[36mawait[39m request(app)[0m

      at Object.<anonymous> (tests/integration/burstPolicy.test.js:263:10)
      ----
      at Test._assertStatus (node_modules/supertest/lib/test.js:252:14)
      at node_modules/supertest/lib/test.js:308:13
      at Test._assertFunction (node_modules/supertest/lib/test.js:285:13)
      at Test.assert (node_modules/supertest/lib/test.js:164:23)
      at Server.localAssert (node_modules/supertest/lib/test.js:120:14)

  ΓùÅ Burst Rate Limiter Integration Tests ΓÇ║ API Endpoints ΓÇ║ should respond with 
health check

    expected 200 "OK", got 400 "Bad Request"

    [0m [90m 280 |[39m       [36mconst[39m response [33m=[39m [36mawait[39m 
request(app)
     [90m 281 |[39m         [33m.[39m[36mget[39m([32m"/api/health"[39m)
    [31m[1m>[22m[39m[90m 282 |[39m         
[33m.[39mexpect([35m200[39m)[33m;[39m
     [90m     |[39m          [31m[1m^[22m[39m
     [90m 283 |[39m
     [90m 284 |[39m       
expect(response[33m.[39mbody)[33m.[39mtoBeDefined()[33m;[39m
     [90m 285 |[39m     })[33m;[39m[0m

      at Object.<anonymous> (tests/integration/burstPolicy.test.js:282:10)
      ----
      at Test._assertStatus (node_modules/supertest/lib/test.js:252:14)
      at node_modules/supertest/lib/test.js:308:13
      at Test._assertFunction (node_modules/supertest/lib/test.js:285:13)
      at Test.assert (node_modules/supertest/lib/test.js:164:23)
      at Server.localAssert (node_modules/supertest/lib/test.js:120:14)

  ΓùÅ Burst Rate Limiter Integration Tests ΓÇ║ API Endpoints ΓÇ║ should respond to 
root endpoint

    expected 200 "OK", got 400 "Bad Request"

    [0m [90m 288 |[39m       [36mconst[39m response [33m=[39m [36mawait[39m 
request(app)
     [90m 289 |[39m         [33m.[39m[36mget[39m([32m"/"[39m)
    [31m[1m>[22m[39m[90m 290 |[39m         
[33m.[39mexpect([35m200[39m)[33m;[39m
     [90m     |[39m          [31m[1m^[22m[39m
     [90m 291 |[39m
     [90m 292 |[39m       
expect(response[33m.[39mbody[33m.[39mmessage)[33m.[39mtoContain([32m"Rate 
Limiter"[39m)[33m;[39m
     [90m 293 |[39m     })[33m;[39m[0m

      at Object.<anonymous> (tests/integration/burstPolicy.test.js:290:10)
      ----
      at Test._assertStatus (node_modules/supertest/lib/test.js:252:14)
      at node_modules/supertest/lib/test.js:308:13
      at Test._assertFunction (node_modules/supertest/lib/test.js:285:13)
      at Test.assert (node_modules/supertest/lib/test.js:164:23)
      at Server.localAssert (node_modules/supertest/lib/test.js:120:14)

[0mPOST /api/policies [33m400[0m 0.766 ms - 68[0m
[0mPOST /api/policies [33m400[0m 0.184 ms - 68[0m
[0mGET /api/policies [33m400[0m 0.200 ms - 68[0m
[0mGET /api/policies/1 [33m400[0m 0.153 ms - 68[0m
[0mGET /api/policies/1/stats [33m400[0m 0.122 ms - 68[0m
[0mPOST /api/policies [33m400[0m 0.132 ms - 68[0m
[0mPOST /api/policies [33m400[0m 0.138 ms - 68[0m
[0mPOST /api/policies [33m400[0m 0.110 ms - 68[0m
[0mPOST /api/policies [33m400[0m 0.290 ms - 68[0m
[0mPUT /api/policies/1 [33m400[0m 0.141 ms - 68[0m
[0mPUT /api/policies/2 [33m400[0m 0.149 ms - 68[0m
[0mPUT /api/policies/1 [33m400[0m 0.105 ms - 68[0m
[0mGET /api/policies [33m400[0m 0.120 ms - 68[0m
[0mGET /api/policies/99999 [33m400[0m 0.161 ms - 68[0m
[0mPUT /api/policies/99999 [33m400[0m 0.140 ms - 68[0m
[0mPUT /api/policies/1 [33m400[0m 0.097 ms - 68[0m
[0mGET /api/health [33m400[0m 0.113 ms - 68[0m
[0mGET / [33m400[0m 1.344 ms - 68[0m
PASS tests/integration/policyRoutes.test.js
PASS tests/unit/validation.test.js
PASS tests/unit/policyController.test.js
PASS tests/unit/security.test.js
FAIL tests/unit/burstRateLimiter.test.js
  ΓùÅ Test suite failed to run

    Configuration error:

    Could not locate module ../src/models/burstRateLimiterModel.js mapped as:
    $1.

    Please check your configuration for these entries:
    {
      "moduleNameMapper": {
        "/^(\.{1,2}\/.*)\.js$/": "$1"
      },
      "resolver": undefined
    }

      at createNoMappedModuleFoundError 
(node_modules/jest-resolve/build/resolver.js:759:17)

---------------------------|---------|----------|---------|---------|-----------------------------------
File                       | % Stmts | % Branch | % Funcs | % Lines | Uncovered Line #s                 
---------------------------|---------|----------|---------|---------|-----------------------------------
All files                  |   33.97 |    19.14 |   17.07 |   36.22 |                                   
 src                       |   56.66 |    41.66 |       0 |   58.62 |                                   
  app.js                   |   56.66 |    41.66 |       0 |   58.62 | 35,51-53,59,68-69,75,80-84        
 src/controllers           |   21.21 |    16.66 |    12.5 |   25.92 |                                   
  healthController.js      |   23.07 |        0 |       0 |      25 | 5,14-23,29-30                     
  policyController.js      |   20.75 |    18.18 |   18.18 |   26.19 | 36-43,98-121,134-149,163-170      
 src/middleware            |   32.91 |    17.64 |   35.71 |   32.91 |                                   
  burstRateLimiter.js      |      10 |        0 |       0 |      10 | 28-88,102-146,157-173,194,202-213 
  security.js              |     100 |      100 |     100 |     100 |                                   
  tlsEnforcer.js           |   36.36 |       25 |     100 |   36.36 | 14-31                             
  validation.js            |    92.3 |    66.66 |     100 |    92.3 | 62                                
 src/models                |      15 |        0 |       0 |      15 |                                   
  burstRateLimiterModel.js |       0 |        0 |       0 |       0 | 23-77                             
  nodeHealthModel.js       |     100 |      100 |     100 |     100 |                                   
  policyHistoryModel.js    |     100 |      100 |     100 |     100 |                                   
  policyModel.js           |     100 |      100 |     100 |     100 |                                   
 src/routes                |     100 |      100 |     100 |     100 |                                   
  healthRoutes.js          |     100 |      100 |     100 |     100 |                                   
  policyRoutes.js          |     100 |      100 |     100 |     100 |                                   
 src/utils                 |      25 |      100 |       0 |      25 |                                   
  tlsAuditLogger.js        |      25 |      100 |       0 |      25 | 5-9                               
---------------------------|---------|----------|---------|---------|-----------------------------------
Test Suites: 3 failed, 4 passed, 7 total
Tests:       20 failed, 9 passed, 29 total
Snapshots:   0 total
Time:        2.45 s, estimated 3 s
Ran all test suites.
